// Jest Snapshot v1, https://goo.gl/fbAQLP

exports[`My Details page component renders correctly 1`] = `
Object {
  "asFragment": [Function],
  "baseElement": <body>
    <div>
      <section
        style="margin-top: 2.5rem;"
      >
        <section
          class="game-details-container"
        >
          <div
            class="image-arrow-container"
          >
            <a
              class="details-link-a"
              href="/"
            >
              <svg
                class="back-arrow"
                fill="currentColor"
                height="1em"
                stroke="currentColor"
                stroke-width="0"
                viewBox="0 0 512 512"
                width="1em"
                xmlns="http://www.w3.org/2000/svg"
              >
                <path
                  d="M8 256c0 137 111 248 248 248s248-111 248-248S393 8 256 8 8 119 8 256zm448 0c0 110.5-89.5 200-200 200S56 366.5 56 256 145.5 56 256 56s200 89.5 200 200zm-72-20v40c0 6.6-5.4 12-12 12H256v67c0 10.7-12.9 16-20.5 8.5l-99-99c-4.7-4.7-4.7-12.3 0-17l99-99c7.6-7.6 20.5-2.2 20.5 8.5v67h116c6.6 0 12 5.4 12 12z"
                />
              </svg>
            </a>
            <img
              alt="game visual description"
            />
          </div>
          <h3 />
          <article
            class="info-container"
          >
            <div
              class="rates-container"
            >
              <p>
                Overal Rating
                 
                /5
              </p>
              <p>
                Metacritic Rating
                 
                /100
              </p>
            </div>
            <div
              class="game-details"
            >
              <p>
                Released:
                 
              </p>
              <p>
                Playtime:
                 
              </p>
            </div>
          </article>
          <p
            class="main-description"
          />
        </section>
      </section>
    </div>
  </body>,
  "container": <div>
    <section
      style="margin-top: 2.5rem;"
    >
      <section
        class="game-details-container"
      >
        <div
          class="image-arrow-container"
        >
          <a
            class="details-link-a"
            href="/"
          >
            <svg
              class="back-arrow"
              fill="currentColor"
              height="1em"
              stroke="currentColor"
              stroke-width="0"
              viewBox="0 0 512 512"
              width="1em"
              xmlns="http://www.w3.org/2000/svg"
            >
              <path
                d="M8 256c0 137 111 248 248 248s248-111 248-248S393 8 256 8 8 119 8 256zm448 0c0 110.5-89.5 200-200 200S56 366.5 56 256 145.5 56 256 56s200 89.5 200 200zm-72-20v40c0 6.6-5.4 12-12 12H256v67c0 10.7-12.9 16-20.5 8.5l-99-99c-4.7-4.7-4.7-12.3 0-17l99-99c7.6-7.6 20.5-2.2 20.5 8.5v67h116c6.6 0 12 5.4 12 12z"
              />
            </svg>
          </a>
          <img
            alt="game visual description"
          />
        </div>
        <h3 />
        <article
          class="info-container"
        >
          <div
            class="rates-container"
          >
            <p>
              Overal Rating
               
              /5
            </p>
            <p>
              Metacritic Rating
               
              /100
            </p>
          </div>
          <div
            class="game-details"
          >
            <p>
              Released:
               
            </p>
            <p>
              Playtime:
               
            </p>
          </div>
        </article>
        <p
          class="main-description"
        />
      </section>
    </section>
  </div>,
  "debug": [Function],
  "findAllByAltText": [Function],
  "findAllByDisplayValue": [Function],
  "findAllByLabelText": [Function],
  "findAllByPlaceholderText": [Function],
  "findAllByRole": [Function],
  "findAllByTestId": [Function],
  "findAllByText": [Function],
  "findAllByTitle": [Function],
  "findByAltText": [Function],
  "findByDisplayValue": [Function],
  "findByLabelText": [Function],
  "findByPlaceholderText": [Function],
  "findByRole": [Function],
  "findByTestId": [Function],
  "findByText": [Function],
  "findByTitle": [Function],
  "getAllByAltText": [Function],
  "getAllByDisplayValue": [Function],
  "getAllByLabelText": [Function],
  "getAllByPlaceholderText": [Function],
  "getAllByRole": [Function],
  "getAllByTestId": [Function],
  "getAllByText": [Function],
  "getAllByTitle": [Function],
  "getByAltText": [Function],
  "getByDisplayValue": [Function],
  "getByLabelText": [Function],
  "getByPlaceholderText": [Function],
  "getByRole": [Function],
  "getByTestId": [Function],
  "getByText": [Function],
  "getByTitle": [Function],
  "queryAllByAltText": [Function],
  "queryAllByDisplayValue": [Function],
  "queryAllByLabelText": [Function],
  "queryAllByPlaceholderText": [Function],
  "queryAllByRole": [Function],
  "queryAllByTestId": [Function],
  "queryAllByText": [Function],
  "queryAllByTitle": [Function],
  "queryByAltText": [Function],
  "queryByDisplayValue": [Function],
  "queryByLabelText": [Function],
  "queryByPlaceholderText": [Function],
  "queryByRole": [Function],
  "queryByTestId": [Function],
  "queryByText": [Function],
  "queryByTitle": [Function],
  "rerender": [Function],
  "unmount": [Function],
}
`;
