// Jest Snapshot v1, https://goo.gl/fbAQLP

exports[`Navbar component should render correctly 1`] = `
Object {
  "asFragment": [Function],
  "baseElement": <body>
    <div>
      <header
        class="header-container"
      >
        <nav
          class="main-navbar"
        >
          <div
            class="logo-title-container"
          >
            <img
              alt="Small controller Logo"
              src="main-logo.png"
            />
            <h1>
              BEST GAMES
            </h1>
          </div>
          <ul
            class="nav-links"
          >
            <li>
              <a
                aria-current="page"
                class="nav-link-a nav-link-a--active"
                href="/"
              >
                Home
              </a>
            </li>
            <li>
              <a
                class="nav-link-a"
                href="/categories"
              >
                Categories
              </a>
            </li>
          </ul>
        </nav>
      </header>
    </div>
  </body>,
  "container": <div>
    <header
      class="header-container"
    >
      <nav
        class="main-navbar"
      >
        <div
          class="logo-title-container"
        >
          <img
            alt="Small controller Logo"
            src="main-logo.png"
          />
          <h1>
            BEST GAMES
          </h1>
        </div>
        <ul
          class="nav-links"
        >
          <li>
            <a
              aria-current="page"
              class="nav-link-a nav-link-a--active"
              href="/"
            >
              Home
            </a>
          </li>
          <li>
            <a
              class="nav-link-a"
              href="/categories"
            >
              Categories
            </a>
          </li>
        </ul>
      </nav>
    </header>
  </div>,
  "debug": [Function],
  "findAllByAltText": [Function],
  "findAllByDisplayValue": [Function],
  "findAllByLabelText": [Function],
  "findAllByPlaceholderText": [Function],
  "findAllByRole": [Function],
  "findAllByTestId": [Function],
  "findAllByText": [Function],
  "findAllByTitle": [Function],
  "findByAltText": [Function],
  "findByDisplayValue": [Function],
  "findByLabelText": [Function],
  "findByPlaceholderText": [Function],
  "findByRole": [Function],
  "findByTestId": [Function],
  "findByText": [Function],
  "findByTitle": [Function],
  "getAllByAltText": [Function],
  "getAllByDisplayValue": [Function],
  "getAllByLabelText": [Function],
  "getAllByPlaceholderText": [Function],
  "getAllByRole": [Function],
  "getAllByTestId": [Function],
  "getAllByText": [Function],
  "getAllByTitle": [Function],
  "getByAltText": [Function],
  "getByDisplayValue": [Function],
  "getByLabelText": [Function],
  "getByPlaceholderText": [Function],
  "getByRole": [Function],
  "getByTestId": [Function],
  "getByText": [Function],
  "getByTitle": [Function],
  "queryAllByAltText": [Function],
  "queryAllByDisplayValue": [Function],
  "queryAllByLabelText": [Function],
  "queryAllByPlaceholderText": [Function],
  "queryAllByRole": [Function],
  "queryAllByTestId": [Function],
  "queryAllByText": [Function],
  "queryAllByTitle": [Function],
  "queryByAltText": [Function],
  "queryByDisplayValue": [Function],
  "queryByLabelText": [Function],
  "queryByPlaceholderText": [Function],
  "queryByRole": [Function],
  "queryByTestId": [Function],
  "queryByText": [Function],
  "queryByTitle": [Function],
  "rerender": [Function],
  "unmount": [Function],
}
`;
